\BOOKMARK [1][-]{section.1}{\376\377\000I\000n\000t\000r\000o\000d\000u\000c\000t\000i\000o\000n}{}% 1
\BOOKMARK [1][-]{section.2}{\376\377\000B\000a\000c\000k\000g\000r\000o\000u\000n\000d}{}% 2
\BOOKMARK [1][-]{section.3}{\376\377\000C\000h\000a\000r\000a\000c\000t\000e\000r\000i\000s\000t\000i\000c\000s}{}% 3
\BOOKMARK [2][-]{subsection.3.1}{\376\377\000P\000a\000r\000t\000i\000a\000l\000\040\000D\000i\000f\000f\000e\000r\000e\000n\000t\000i\000a\000l\000\040\000E\000q\000u\000a\000t\000i\000o\000n\000s}{section.3}% 4
\BOOKMARK [2][-]{subsection.3.2}{\376\377\000C\000l\000a\000s\000s\000i\000f\000i\000c\000a\000t\000i\000o\000n}{section.3}% 5
\BOOKMARK [3][-]{subsubsection.3.2.1}{\376\377\000O\000r\000d\000e\000r}{subsection.3.2}% 6
\BOOKMARK [3][-]{subsubsection.3.2.2}{\376\377\000L\000i\000n\000e\000a\000r\000i\000t\000y}{subsection.3.2}% 7
\BOOKMARK [3][-]{subsubsection.3.2.3}{\376\377\000H\000o\000m\000o\000g\000e\000n\000e\000i\000t\000y}{subsection.3.2}% 8
\BOOKMARK [2][-]{subsection.3.3}{\376\377\000S\000o\000l\000u\000t\000i\000o\000n\000s}{section.3}% 9
\BOOKMARK [2][-]{subsection.3.4}{\376\377\000P\000r\000i\000n\000c\000i\000p\000l\000e\000\040\000o\000f\000\040\000S\000u\000p\000e\000r\000p\000o\000s\000i\000t\000i\000o\000n}{section.3}% 10
\BOOKMARK [1][-]{section.4}{\376\377\000G\000e\000n\000e\000r\000a\000l\000\040\000S\000o\000l\000u\000t\000i\000o\000n\000s}{}% 11
\BOOKMARK [2][-]{subsection.4.1}{\376\377\000S\000o\000l\000v\000i\000n\000g\000\040\000b\000y\000\040\000D\000i\000r\000e\000c\000t\000\040\000I\000n\000t\000e\000g\000r\000a\000t\000i\000o\000n}{section.4}% 12
\BOOKMARK [2][-]{subsection.4.2}{\376\377\000A\000u\000x\000i\000l\000i\000a\000r\000y\000\040\000C\000o\000n\000d\000i\000t\000i\000o\000n\000s}{section.4}% 13
\BOOKMARK [2][-]{subsection.4.3}{\376\377\000O\000p\000e\000r\000a\000t\000o\000r\000\040\000V\000i\000e\000w\000p\000o\000i\000n\000t}{section.4}% 14
\BOOKMARK [2][-]{subsection.4.4}{\376\377\000H\000o\000w\000\040\000W\000e\000\040\000W\000i\000l\000l\000\040\000S\000o\000l\000v\000e\000\040\000P\000D\000E\000s}{section.4}% 15
\BOOKMARK [1][-]{section.5}{\376\377\000P\000o\000t\000e\000n\000t\000i\000a\000l\000\040\000T\000h\000e\000o\000r\000y}{}% 16
\BOOKMARK [2][-]{subsection.5.1}{\376\377\000N\000e\000w\000t\000o\000n\000'\000s\000\040\000P\000r\000o\000b\000l\000e\000m}{section.5}% 17
\BOOKMARK [2][-]{subsection.5.2}{\376\377\000T\000o\000o\000l\000k\000i\000t}{section.5}% 18
\BOOKMARK [2][-]{subsection.5.3}{\376\377\000R\000a\000d\000i\000a\000l\000\040\000C\000h\000a\000i\000n\000\040\000R\000u\000l\000e}{section.5}% 19
\BOOKMARK [2][-]{subsection.5.4}{\376\377\000T\000h\000e\000\040\000L\000a\000p\000l\000a\000c\000i\000a\000n}{section.5}% 20
\BOOKMARK [2][-]{subsection.5.5}{\376\377\000H\000a\000r\000m\000o\000n\000i\000c\000\040\000R\000a\000d\000i\000a\000l\000\040\000F\000u\000n\000c\000t\000i\000o\000n\000s}{section.5}% 21
\BOOKMARK [1][-]{section.6}{\376\377\000F\000i\000r\000s\000t\000\040\000O\000r\000d\000e\000r\000\040\000P\000D\000E\000s\000\040\000a\000n\000d\000\040\000t\000h\000e\000\040\000S\000o\000l\000u\000t\000i\000o\000n\000\040\000O\000p\000e\000r\000a\000t\000o\000r}{}% 22
\BOOKMARK [2][-]{subsection.6.1}{\376\377\000T\000h\000e\000\040\000U\000n\000d\000e\000r\000l\000y\000i\000n\000g\000\040\000O\000D\000E}{section.6}% 23
\BOOKMARK [2][-]{subsection.6.2}{\376\377\000T\000h\000e\000\040\000S\000o\000l\000u\000t\000i\000o\000n\000\040\000O\000p\000e\000r\000a\000t\000o\000r}{section.6}% 24
\BOOKMARK [2][-]{subsection.6.3}{\376\377\000T\000r\000a\000n\000s\000p\000o\000r\000t\000i\000n\000g\000\040\000L\000a\000b\000e\000l\000s\000:\000\040\000W\000h\000e\000r\000e\000\040\000t\000h\000e\000\040\000P\000D\000E\000\040\000C\000o\000m\000e\000s\000\040\000F\000r\000o\000m}{section.6}% 25
\BOOKMARK [2][-]{subsection.6.4}{\376\377\000E\000x\000a\000m\000p\000l\000e\000s\000\040\000o\000f\000\040\000T\000r\000a\000j\000e\000c\000t\000o\000r\000i\000e\000s}{section.6}% 26
\BOOKMARK [2][-]{subsection.6.5}{\376\377\000C\000o\000n\000s\000t\000a\000n\000t\000\040\000C\000o\000e\000f\000f\000i\000c\000i\000e\000n\000t\000\040\000T\000r\000a\000n\000s\000p\000o\000r\000t}{section.6}% 27
\BOOKMARK [2][-]{subsection.6.6}{\376\377\000A\000d\000d\000i\000n\000g\000\040\000D\000a\000t\000a}{section.6}% 28
\BOOKMARK [2][-]{subsection.6.7}{\376\377\000W\000h\000i\000c\000h\000\040\000D\000a\000t\000a\000\040\000C\000u\000r\000v\000e\000s\000\040\000W\000o\000r\000k\000?}{section.6}% 29
\BOOKMARK [1][-]{section.7}{\376\377\000V\000a\000r\000i\000a\000b\000l\000e\000\040\000C\000o\000e\000f\000f\000i\000c\000i\000e\000n\000t\000s\000\040\000a\000n\000d\000\040\000I\000n\000h\000o\000m\000o\000g\000e\000n\000e\000o\000u\000s\000\040\000T\000r\000a\000n\000s\000p\000o\000r\000t}{}% 30
\BOOKMARK [2][-]{subsection.7.1}{\376\377\000W\000a\000r\000m\000-\000u\000p\000:\000\040\000C\000u\000r\000v\000e\000d\000\040\000C\000h\000a\000r\000a\000c\000t\000e\000r\000i\000s\000t\000i\000c\000s}{section.7}% 31
\BOOKMARK [2][-]{subsection.7.2}{\376\377\000P\000r\000o\000b\000l\000e\000m\000\040\000S\000e\000t\000u\000p}{section.7}% 32
\BOOKMARK [2][-]{subsection.7.3}{\376\377\000M\000e\000t\000h\000o\000d\000\040\000o\000f\000\040\000C\000h\000a\000r\000a\000c\000t\000e\000r\000i\000s\000t\000i\000c\000s}{section.7}% 33
\BOOKMARK [2][-]{subsection.7.4}{\376\377\000I\000n\000h\000o\000m\000o\000g\000e\000n\000e\000o\000u\000s\000\040\000C\000a\000s\000e}{section.7}% 34
\BOOKMARK [2][-]{subsection.7.5}{\376\377\000W\000o\000r\000k\000e\000d\000\040\000E\000x\000a\000m\000p\000l\000e}{section.7}% 35
\BOOKMARK [2][-]{subsection.7.6}{\376\377\000T\000i\000m\000e\000\040\000a\000s\000\040\000t\000h\000e\000\040\000P\000a\000r\000a\000m\000e\000t\000e\000r}{section.7}% 36
\BOOKMARK [1][-]{section.8}{\376\377\000D\000i\000s\000t\000r\000i\000b\000u\000t\000i\000o\000n\000s\000\040\000A\000:\000\040\000T\000h\000e\000\040\000D\000e\000l\000t\000a\000\040\000`\000`\000F\000u\000n\000c\000t\000i\000o\000n\000'\000'\000\040\000I\000s\000\040\000N\000o\000t\000\040\000a\000\040\000F\000u\000n\000c\000t\000i\000o\000n}{}% 37
\BOOKMARK [2][-]{subsection.8.1}{\376\377\000I\000n\000t\000e\000g\000r\000a\000b\000l\000e\000\040\000F\000u\000n\000c\000t\000i\000o\000n\000s}{section.8}% 38
\BOOKMARK [2][-]{subsection.8.2}{\376\377\000W\000h\000a\000t\000\040\000W\000e\000\040\000W\000a\000n\000t\000\040\000f\000r\000o\000m\000\040\0000}{section.8}% 39
\BOOKMARK [2][-]{subsection.8.3}{\376\377\000F\000i\000r\000s\000t\000\040\000A\000p\000p\000e\000a\000r\000a\000n\000c\000e\000:\000\040\000t\000h\000e\000\040\000D\000e\000r\000i\000v\000a\000t\000i\000v\000e\000\040\000o\000f\000\040\000H\000e\000a\000v\000i\000s\000i\000d\000e}{section.8}% 40
\BOOKMARK [2][-]{subsection.8.4}{\376\377\000S\000e\000c\000o\000n\000d\000\040\000A\000p\000p\000e\000a\000r\000a\000n\000c\000e\000:\000\040\000S\000p\000i\000k\000e\000s}{section.8}% 41
\BOOKMARK [1][-]{section.9}{\376\377\000D\000i\000s\000t\000r\000i\000b\000u\000t\000i\000o\000n\000s\000\040\000B\000:\000\040\000D\000i\000s\000t\000r\000i\000b\000u\000t\000i\000o\000n\000s\000\040\000a\000n\000d\000\040\000T\000h\000e\000i\000r\000\040\000D\000e\000r\000i\000v\000a\000t\000i\000v\000e\000s}{}% 42
\BOOKMARK [2][-]{subsection.9.1}{\376\377\000M\000o\000t\000i\000v\000a\000t\000i\000o\000n\000:\000\040\000W\000e\000a\000k\000\040\000S\000o\000l\000u\000t\000i\000o\000n\000s\000\040\000o\000f\000\040\000u\000'\000'\000\040\000=\000\040\000f}{section.9}% 43
\BOOKMARK [2][-]{subsection.9.2}{\376\377\000T\000e\000s\000t\000\040\000F\000u\000n\000c\000t\000i\000o\000n\000s}{section.9}% 44
\BOOKMARK [2][-]{subsection.9.3}{\376\377\000D\000e\000f\000i\000n\000i\000t\000i\000o\000n\000\040\000o\000f\000\040\000a\000\040\000D\000i\000s\000t\000r\000i\000b\000u\000t\000i\000o\000n}{section.9}% 45
\BOOKMARK [2][-]{subsection.9.4}{\376\377\000F\000u\000n\000c\000t\000i\000o\000n\000s\000\040\000a\000s\000\040\000D\000i\000s\000t\000r\000i\000b\000u\000t\000i\000o\000n\000s}{section.9}% 46
\BOOKMARK [2][-]{subsection.9.5}{\376\377\000T\000h\000e\000\040\000D\000e\000l\000t\000a\000\040\000F\000u\000n\000c\000t\000i\000o\000n}{section.9}% 47
\BOOKMARK [2][-]{subsection.9.6}{\376\377\000D\000e\000r\000i\000v\000a\000t\000i\000v\000e\000\040\000o\000f\000\040\000a\000\040\000D\000i\000s\000t\000r\000i\000b\000u\000t\000i\000o\000n}{section.9}% 48
\BOOKMARK [2][-]{subsection.9.7}{\376\377\000D\000e\000r\000i\000v\000a\000t\000i\000v\000e\000s\000\040\000o\000f\000\040\000P\000i\000e\000c\000e\000w\000i\000s\000e\000\040\000S\000m\000o\000o\000t\000h\000\040\000F\000u\000n\000c\000t\000i\000o\000n\000s}{section.9}% 49
\BOOKMARK [2][-]{subsection.9.8}{\376\377\000F\000u\000n\000d\000a\000m\000e\000n\000t\000a\000l\000\040\000S\000o\000l\000u\000t\000i\000o\000n\000\040\000o\000f\000\040\000d\0002\000d\000x\0002}{section.9}% 50
\BOOKMARK [1][-]{section.10}{\376\377\000M\000i\000s\000c}{}% 51
\BOOKMARK [1][-]{appendix.A}{\376\377\000A\000p\000p\000e\000n\000d\000i\000x}{}% 52
\BOOKMARK [1][-]{appendix.B}{\376\377\000S\000o\000l\000u\000t\000i\000o\000n\000s}{}% 53
\BOOKMARK [1][-]{appendix.C}{\376\377\000U\000s\000e\000f\000u\000l\000\040\000L\000i\000n\000k\000s}{}% 54
