\BOOKMARK [1][-]{section.1}{\376\377\000I\000n\000t\000r\000o\000d\000u\000c\000t\000i\000o\000n}{}% 1
\BOOKMARK [1][-]{section.2}{\376\377\000M\000a\000t\000h\000e\000m\000a\000t\000i\000c\000a\000l\000\040\000B\000a\000c\000k\000g\000r\000o\000u\000n\000d}{}% 2
\BOOKMARK [2][-]{subsection.2.1}{\376\377\000T\000a\000y\000l\000o\000r\000\040\000e\000x\000p\000a\000n\000s\000i\000o\000n}{section.2}% 3
\BOOKMARK [2][-]{subsection.2.2}{\376\377\000B\000a\000s\000i\000s}{section.2}% 4
\BOOKMARK [1][-]{section.3}{\376\377\000S\000t\000e\000r\000n\000-\000G\000e\000r\000l\000a\000c\000h\000\040\000E\000x\000p\000e\000r\000i\000m\000e\000n\000t\000s}{}% 5
\BOOKMARK [2][-]{subsection.3.1}{\376\377\000T\000h\000e\000\040\000c\000l\000a\000s\000s\000i\000c\000a\000l\000\040\000p\000i\000c\000t\000u\000r\000e}{section.3}% 6
\BOOKMARK [3][-]{subsubsection.3.1.1}{\376\377\000A\000n\000g\000u\000l\000a\000r\000\040\000m\000o\000m\000e\000n\000t\000u\000m}{subsection.3.1}% 7
\BOOKMARK [3][-]{subsubsection.3.1.2}{\376\377\000M\000a\000g\000n\000e\000t\000i\000c\000\040\000m\000o\000m\000e\000n\000t\000\040\000o\000f\000\040\000a\000\040\000c\000i\000r\000c\000u\000l\000a\000t\000i\000n\000g\000\040\000c\000h\000a\000r\000g\000e}{subsection.3.1}% 8
\BOOKMARK [3][-]{subsubsection.3.1.3}{\376\377\000G\000y\000r\000o\000m\000a\000g\000n\000e\000t\000i\000c\000\040\000r\000a\000t\000i\000o}{subsection.3.1}% 9
\BOOKMARK [2][-]{subsection.3.2}{\376\377\000S\000p\000i\000n}{section.3}% 10
\BOOKMARK [3][-]{subsubsection.3.2.1}{\376\377\000I\000n\000t\000r\000i\000n\000s\000i\000c\000\040\000m\000o\000m\000e\000n\000t\000\040\000a\000n\000d\000\040\000t\000h\000e\000\040\000g\000-\000f\000a\000c\000t\000o\000r}{subsection.3.2}% 11
\BOOKMARK [3][-]{subsubsection.3.2.2}{\376\377\000M\000a\000g\000n\000e\000t\000o\000n\000s}{subsection.3.2}% 12
\BOOKMARK [3][-]{subsubsection.3.2.3}{\376\377\000V\000a\000l\000u\000e\000s\000\040\000f\000o\000r\000\040\000t\000h\000e\000\040\000e\000l\000e\000c\000t\000r\000o\000n\000,\000\040\000p\000r\000o\000t\000o\000n\000\040\000a\000n\000d\000\040\000n\000e\000u\000t\000r\000o\000n}{subsection.3.2}% 13
\BOOKMARK [2][-]{subsection.3.3}{\376\377\000T\000h\000e\000\040\000S\000t\000e\000r\000n\000-\000G\000e\000r\000l\000a\000c\000h\000\040\000a\000p\000p\000a\000r\000a\000t\000u\000s}{section.3}% 14
\BOOKMARK [3][-]{subsubsection.3.3.1}{\376\377\000F\000o\000r\000c\000e\000\040\000i\000n\000\040\000a\000n\000\040\000i\000n\000h\000o\000m\000o\000g\000e\000n\000e\000o\000u\000s\000\040\000f\000i\000e\000l\000d}{subsection.3.3}% 15
\BOOKMARK [3][-]{subsubsection.3.3.2}{\376\377\000S\000i\000l\000v\000e\000r\000\040\000a\000t\000o\000m\000s}{subsection.3.3}% 16
\BOOKMARK [3][-]{subsubsection.3.3.3}{\376\377\000T\000h\000e\000\040\000c\000l\000a\000s\000s\000i\000c\000a\000l\000\040\000p\000r\000e\000d\000i\000c\000t\000i\000o\000n}{subsection.3.3}% 17
\BOOKMARK [3][-]{subsubsection.3.3.4}{\376\377\000T\000h\000e\000\040\000o\000b\000s\000e\000r\000v\000e\000d\000\040\000r\000e\000s\000u\000l\000t}{subsection.3.3}% 18
\BOOKMARK [2][-]{subsection.3.4}{\376\377\000S\000e\000q\000u\000e\000n\000t\000i\000a\000l\000\040\000S\000t\000e\000r\000n\000-\000G\000e\000r\000l\000a\000c\000h\000\040\000e\000x\000p\000e\000r\000i\000m\000e\000n\000t\000s}{section.3}% 19
\BOOKMARK [3][-]{subsubsection.3.4.1}{\376\377\000E\000x\000p\000e\000r\000i\000m\000e\000n\000t\000\040\0001\000:\000\040\000S\000G\000z\000\040\000t\000h\000e\000n\000\040\000S\000G\000z}{subsection.3.4}% 20
\BOOKMARK [3][-]{subsubsection.3.4.2}{\376\377\000E\000x\000p\000e\000r\000i\000m\000e\000n\000t\000\040\0002\000:\000\040\000S\000G\000z\000\040\000t\000h\000e\000n\000\040\000S\000G\000x}{subsection.3.4}% 21
\BOOKMARK [3][-]{subsubsection.3.4.3}{\376\377\000E\000x\000p\000e\000r\000i\000m\000e\000n\000t\000\040\0003\000:\000\040\000S\000G\000z\000,\000\040\000S\000G\000x\000,\000\040\000t\000h\000e\000n\000\040\000S\000G\000z}{subsection.3.4}% 22
\BOOKMARK [3][-]{subsubsection.3.4.4}{\376\377\000E\000x\000p\000e\000r\000i\000m\000e\000n\000t\000\040\0004\000:\000\040\000S\000G\000z\000,\000\040\000m\000o\000d\000i\000f\000i\000e\000d\000\040\000S\000G\000x\000,\000\040\000t\000h\000e\000n\000\040\000S\000G\000z}{subsection.3.4}% 23
\BOOKMARK [1][-]{section.4}{\376\377\000Q\000u\000a\000n\000t\000u\000m\000\040\000S\000t\000a\000t\000e\000s}{}% 24
\BOOKMARK [2][-]{subsection.4.1}{\376\377\000S\000t\000a\000t\000e\000\040\000S\000p\000a\000c\000e}{section.4}% 25
\BOOKMARK [3][-]{subsubsection.4.1.1}{\376\377\000K\000e\000t\000s\000\040\000\046\000\040\000B\000r\000a\000s}{subsection.4.1}% 26
\BOOKMARK [3][-]{subsubsection.4.1.2}{\376\377\000S\000u\000p\000e\000r\000p\000o\000s\000i\000t\000i\000o\000n}{subsection.4.1}% 27
\BOOKMARK [3][-]{subsubsection.4.1.3}{\376\377\000C\000o\000m\000p\000l\000e\000t\000e\000n\000e\000s\000s}{subsection.4.1}% 28
\BOOKMARK [2][-]{subsection.4.2}{\376\377\000P\000r\000o\000b\000a\000b\000i\000l\000i\000t\000y}{section.4}% 29
\BOOKMARK [3][-]{subsubsection.4.2.1}{\376\377\000P\000r\000o\000b\000a\000b\000i\000l\000i\000t\000y\000\040\000a\000m\000p\000l\000i\000t\000u\000d\000e\000s}{subsection.4.2}% 30
\BOOKMARK [3][-]{subsubsection.4.2.2}{\376\377\000N\000o\000r\000m\000a\000l\000i\000z\000a\000t\000i\000o\000n}{subsection.4.2}% 31
\BOOKMARK [3][-]{subsubsection.4.2.3}{\376\377\000G\000l\000o\000b\000a\000l\000\040\000p\000h\000a\000s\000e}{subsection.4.2}% 32
\BOOKMARK [3][-]{subsubsection.4.2.4}{\376\377\000E\000x\000p\000e\000c\000t\000a\000t\000i\000o\000n\000\040\000v\000a\000l\000u\000e}{subsection.4.2}% 33
\BOOKMARK [3][-]{subsubsection.4.2.5}{\376\377\000U\000n\000c\000e\000r\000t\000a\000i\000n\000t\000y}{subsection.4.2}% 34
\BOOKMARK [2][-]{subsection.4.3}{\376\377\000S\000p\000i\000n\000\040\000S\000t\000a\000t\000e\000s}{section.4}% 35
\BOOKMARK [3][-]{subsubsection.4.3.1}{\376\377\000T\000h\000e\000\040\000s\000t\000a\000t\000e\000\040\000|\000+\000x\000>}{subsection.4.3}% 36
\BOOKMARK [3][-]{subsubsection.4.3.2}{\376\377\000E\000x\000p\000e\000r\000i\000m\000e\000n\000t\000\040\0005\000:\000\040\000m\000e\000a\000s\000u\000r\000i\000n\000g\000\040\000S\000y}{subsection.4.3}% 37
\BOOKMARK [3][-]{subsubsection.4.3.3}{\376\377\000T\000h\000e\000\040\000s\000t\000a\000t\000e\000\040\000|\000+\000y\000>\000\040\000a\000n\000d\000\040\000t\000h\000e\000\040\000p\000h\000a\000s\000e\000\040\000c\000o\000n\000v\000e\000n\000t\000i\000o\000n}{subsection.4.3}% 38
\BOOKMARK [2][-]{subsection.4.4}{\376\377\000G\000e\000n\000e\000r\000a\000l\000i\000z\000a\000t\000i\000o\000n\000\040\000t\000o\000\040\000n\000-\000l\000e\000v\000e\000l\000\040\000s\000y\000s\000t\000e\000m\000s}{section.4}% 39
\BOOKMARK [3][-]{subsubsection.4.4.1}{\376\377\000O\000r\000t\000h\000o\000n\000o\000r\000m\000a\000l\000i\000t\000y\000\040\000a\000n\000d\000\040\000c\000o\000m\000p\000l\000e\000t\000e\000n\000e\000s\000s}{subsection.4.4}% 40
\BOOKMARK [3][-]{subsubsection.4.4.2}{\376\377\000O\000b\000s\000e\000r\000v\000a\000b\000l\000e\000s\000\040\000a\000n\000d\000\040\000t\000h\000e\000\040\000B\000o\000r\000n\000\040\000r\000u\000l\000e}{subsection.4.4}% 41
\BOOKMARK [3][-]{subsubsection.4.4.3}{\376\377\000E\000x\000p\000e\000c\000t\000a\000t\000i\000o\000n\000\040\000v\000a\000l\000u\000e\000\040\000a\000s\000\040\000a\000n\000\040\000o\000p\000e\000r\000a\000t\000o\000r}{subsection.4.4}% 42
\BOOKMARK [1][-]{section.5}{\376\377\000R\000o\000t\000a\000t\000i\000o\000n\000\040\000o\000f\000\040\000B\000a\000s\000i\000s\000\040\000S\000t\000a\000t\000e\000s\000\040\000a\000n\000d\000\040\000M\000a\000t\000r\000i\000x\000\040\000M\000e\000c\000h\000a\000n\000i\000c\000s}{}% 43
\BOOKMARK [2][-]{subsection.5.1}{\376\377\000S\000t\000a\000t\000e\000s\000\040\000a\000s\000\040\000c\000o\000l\000u\000m\000n\000\040\000v\000e\000c\000t\000o\000r\000s}{section.5}% 44
\BOOKMARK [2][-]{subsection.5.2}{\376\377\000O\000p\000e\000r\000a\000t\000o\000r\000s\000\040\000a\000s\000\040\000m\000a\000t\000r\000i\000c\000e\000s}{section.5}% 45
\BOOKMARK [2][-]{subsection.5.3}{\376\377\000T\000h\000e\000\040\000s\000p\000i\000n\000\040\000o\000p\000e\000r\000a\000t\000o\000r\000s}{section.5}% 46
\BOOKMARK [2][-]{subsection.5.4}{\376\377\000T\000h\000e\000\040\000r\000o\000t\000a\000t\000i\000o\000n\000\040\000o\000p\000e\000r\000a\000t\000o\000r}{section.5}% 47
\BOOKMARK [3][-]{subsubsection.5.4.1}{\376\377\000R\000o\000t\000a\000t\000i\000o\000n\000s\000\040\000a\000b\000o\000u\000t\000\040\000z}{subsection.5.4}% 48
\BOOKMARK [3][-]{subsubsection.5.4.2}{\376\377\000R\000o\000t\000a\000t\000i\000o\000n\000\040\000a\000s\000\040\000a\000\040\000c\000h\000a\000n\000g\000e\000\040\000o\000f\000\040\000b\000a\000s\000i\000s}{subsection.5.4}% 49
\BOOKMARK [1][-]{section.6}{\376\377\000C\000h\000a\000n\000g\000e\000\040\000o\000f\000\040\000B\000a\000s\000i\000s\000\040\000i\000n\000\040\000n\000-\000L\000e\000v\000e\000l\000\040\000S\000y\000s\000t\000e\000m\000s}{}% 50
\BOOKMARK [2][-]{subsection.6.1}{\376\377\000T\000w\000o\000\040\000b\000a\000s\000e\000s\000\040\000f\000o\000r\000\040\000t\000h\000e\000\040\000s\000a\000m\000e\000\040\000s\000p\000a\000c\000e}{section.6}% 51
\BOOKMARK [2][-]{subsection.6.2}{\376\377\000T\000h\000e\000\040\000t\000r\000a\000n\000s\000f\000o\000r\000m\000a\000t\000i\000o\000n\000\040\000m\000a\000t\000r\000i\000x}{section.6}% 52
\BOOKMARK [2][-]{subsection.6.3}{\376\377\000E\000i\000g\000e\000n\000s\000t\000a\000t\000e\000s\000\040\000a\000n\000d\000\040\000e\000i\000g\000e\000n\000v\000a\000l\000u\000e\000s}{section.6}% 53
\BOOKMARK [2][-]{subsection.6.4}{\376\377\000O\000p\000e\000r\000a\000t\000o\000r\000s\000\040\000i\000n\000\040\000a\000n\000o\000t\000h\000e\000r\000\040\000b\000a\000s\000i\000s}{section.6}% 54
\BOOKMARK [1][-]{section.7}{\376\377\000G\000e\000n\000e\000r\000a\000t\000o\000r\000s\000\040\000o\000f\000\040\000R\000o\000t\000a\000t\000i\000o\000n\000s}{}% 55
\BOOKMARK [2][-]{subsection.7.1}{\376\377\000I\000n\000f\000i\000n\000i\000t\000e\000s\000i\000m\000a\000l\000\040\000r\000o\000t\000a\000t\000i\000o\000n\000s}{section.7}% 56
\BOOKMARK [2][-]{subsection.7.2}{\376\377\000F\000u\000n\000c\000t\000i\000o\000n\000s\000\040\000o\000f\000\040\000a\000n\000\040\000o\000p\000e\000r\000a\000t\000o\000r}{section.7}% 57
\BOOKMARK [2][-]{subsection.7.3}{\376\377\000H\000e\000r\000m\000i\000t\000i\000a\000n\000\040\000o\000p\000e\000r\000a\000t\000o\000r\000s}{section.7}% 58
\BOOKMARK [2][-]{subsection.7.4}{\376\377\000R\000o\000t\000a\000t\000i\000o\000n\000s\000\040\000a\000b\000o\000u\000t\000\040\000a\000n\000y\000\040\000a\000x\000i\000s}{section.7}% 59
\BOOKMARK [1][-]{section.8}{\376\377\000A\000n\000g\000u\000l\000a\000r\000\040\000M\000o\000m\000e\000n\000t\000u\000m}{}% 60
\BOOKMARK [2][-]{subsection.8.1}{\376\377\000R\000o\000t\000a\000t\000i\000o\000n\000s\000\040\000a\000b\000o\000u\000t\000\040\000d\000i\000f\000f\000e\000r\000e\000n\000t\000\040\000a\000x\000e\000s}{section.8}% 61
\BOOKMARK [2][-]{subsection.8.2}{\376\377\000C\000o\000m\000p\000a\000t\000i\000b\000l\000e\000\040\000o\000b\000s\000e\000r\000v\000a\000b\000l\000e\000s}{section.8}% 62
\BOOKMARK [2][-]{subsection.8.3}{\376\377\000T\000o\000t\000a\000l\000\040\000a\000n\000g\000u\000l\000a\000r\000\040\000m\000o\000m\000e\000n\000t\000u\000m}{section.8}% 63
\BOOKMARK [1][-]{appendix.A}{\376\377\000A\000p\000p\000e\000n\000d\000i\000x}{}% 64
\BOOKMARK [1][-]{appendix.B}{\376\377\000S\000o\000l\000u\000t\000i\000o\000n\000s}{}% 65
\BOOKMARK [1][-]{appendix.C}{\376\377\000U\000s\000e\000f\000u\000l\000\040\000L\000i\000n\000k\000s}{}% 66
